
> starter_helpi@0.1.0 test
> react-scripts test --coverage

PASS src/App.test.tsx
  ✓ renders learn react link (39 ms)

-----------------------------|---------|----------|---------|---------|-------------------
File                         | % Stmts | % Branch | % Funcs | % Lines | Uncovered Line #s 
-----------------------------|---------|----------|---------|---------|-------------------
All files                    |   19.23 |     12.5 |   14.28 |    19.6 |                   
 src                         |    25.8 |     12.5 |   16.66 |    25.8 |                   
  App.tsx                    |      40 |    16.66 |      25 |      40 | 13,21-33,43-59    
  index.tsx                  |       0 |      100 |     100 |       0 | 7-19              
  reportWebVitals.ts         |       0 |        0 |       0 |       0 | 3-10              
 src/basic-quiz-components   |       0 |      100 |       0 |       0 |                   
  MultipleChoiceQuestion.tsx |       0 |      100 |       0 |       0 | 5-14              
 src/elements                |      25 |      100 |      25 |      25 |                   
  Header.tsx                 |      25 |      100 |      25 |      25 | 12-14             
 src/pages                   |    7.69 |      100 |    12.5 |    8.33 |                   
  BasicPage.tsx              |       0 |      100 |       0 |       0 | 6                 
  DetailedPage.tsx           |       0 |      100 |       0 |       0 | 5-24              
  HomePage.tsx               |   33.33 |      100 |   33.33 |   33.33 | 31-32             
-----------------------------|---------|----------|---------|---------|-------------------
Test Suites: 1 passed, 1 total
Tests:       1 passed, 1 total
Snapshots:   0 total
Time:        2.958 s
Ran all test suites.
[0;33mOne of your dependencies, babel-preset-react-app, is importing the
"@babel/plugin-proposal-private-property-in-object" package without
declaring it in its dependencies. This is currently working because
"@babel/plugin-proposal-private-property-in-object" is already in your
node_modules folder for unrelated reasons, but it [1mmay break at any time[0;33m.

babel-preset-react-app is part of the create-react-app project, [1mwhich
is not maintianed anymore[0;33m. It is thus unlikely that this bug will
ever be fixed. Add "@babel/plugin-proposal-private-property-in-object" to
your devDependencies to work around this error. This will make this message
go away.[0m
  
